// Jest Snapshot v1, https://goo.gl/fbAQLP

exports[`<AggregationSelector /> spec Empty results renders component with aggregation types and defaults to empty 1`] = `
<div>
  <div
    class="euiFormRow"
    id="random_id-row"
  >
    <label
      aria-invalid="false"
      class="euiFormLabel"
      for="random_id"
    >
      Field
    </label>
    <div
      aria-expanded="false"
      aria-haspopup="listbox"
      class="euiComboBox"
      name="featureList.undefined.aggregationOf"
      role="combobox"
    >
      <div
        class="euiFormControlLayout"
      >
        <div
          class="euiFormControlLayout__childrenWrapper"
        >
          <div
            class="euiComboBox__inputWrap euiComboBox__inputWrap--noWrap euiComboBox__inputWrap-isClearable"
            data-test-subj="comboBoxInput"
            tabindex="-1"
          >
            <div
              class="euiComboBox__input"
              style="font-size: 14px; display: inline-block;"
            >
              <input
                data-test-subj="comboBoxSearchInput"
                id="random_id"
                role="textbox"
                style="box-sizing: content-box; width: 2px;"
                value=""
              />
              <div
                style="position: absolute; top: 0px; left: 0px; visibility: hidden; height: 0px; overflow: scroll; white-space: pre; font-family: -webkit-small-control; letter-spacing: normal; text-transform: none;"
              />
            </div>
          </div>
          <div
            class="euiFormControlLayoutIcons euiFormControlLayoutIcons--right"
          >
            <button
              aria-label="Open list of options"
              class="euiFormControlLayoutCustomIcon euiFormControlLayoutCustomIcon--clickable"
              data-test-subj="comboBoxToggleListButton"
            >
              <svg
                aria-hidden="true"
                class="euiIcon euiIcon--medium euiFormControlLayoutCustomIcon__icon"
                focusable="false"
                height="16"
                viewBox="0 0 16 16"
                width="16"
                xmlns="http://www.w3.org/2000/svg"
                xmlns:xlink="http://www.w3.org/1999/xlink"
              >
                <defs>
                  <path
                    d="M13.069 5.157L8.384 9.768a.546.546 0 0 1-.768 0L2.93 5.158a.552.552 0 0 0-.771 0 .53.53 0 0 0 0 .759l4.684 4.61c.641.631 1.672.63 2.312 0l4.684-4.61a.53.53 0 0 0 0-.76.552.552 0 0 0-.771 0z"
                    id="arrow_down-a"
                  />
                </defs>
                <use
                  fill-rule="nonzero"
                  xlink:href="#arrow_down-a"
                />
              </svg>
            </button>
          </div>
        </div>
      </div>
    </div>
  </div>
  <div
    class="euiFormRow"
    id="random_id-row"
  >
    <label
      aria-invalid="false"
      class="euiFormLabel"
      for="random_id"
    >
      Aggregation method
    </label>
    <div
      class="euiFormControlLayout"
    >
      <div
        class="euiFormControlLayout__childrenWrapper"
      >
        <select
          aria-describedby="random_id-help"
          class="euiSelect"
          data-test-subj="aggregationType"
          id="random_id"
          name="featureList.undefined.aggregationBy"
        >
          <option
            selected=""
          />
          <option
            value="avg"
          >
            average()
          </option>
          <option
            value="sum"
          >
            sum()
          </option>
          <option
            value="min"
          >
            min()
          </option>
          <option
            value="max"
          >
            max()
          </option>
        </select>
        <div
          class="euiFormControlLayoutIcons euiFormControlLayoutIcons--right"
        >
          <span
            class="euiFormControlLayoutCustomIcon"
          >
            <svg
              aria-hidden="true"
              class="euiIcon euiIcon--medium euiFormControlLayoutCustomIcon__icon"
              focusable="false"
              height="16"
              viewBox="0 0 16 16"
              width="16"
              xmlns="http://www.w3.org/2000/svg"
              xmlns:xlink="http://www.w3.org/1999/xlink"
            >
              <defs>
                <path
                  d="M13.069 5.157L8.384 9.768a.546.546 0 0 1-.768 0L2.93 5.158a.552.552 0 0 0-.771 0 .53.53 0 0 0 0 .759l4.684 4.61c.641.631 1.672.63 2.312 0l4.684-4.61a.53.53 0 0 0 0-.76.552.552 0 0 0-.771 0z"
                  id="arrow_down-a"
                />
              </defs>
              <use
                fill-rule="nonzero"
                xlink:href="#arrow_down-a"
              />
            </svg>
          </span>
        </div>
      </div>
    </div>
    <div
      class="euiFormHelpText euiFormRow__text"
      id="random_id-help"
    >
      The aggregation method determins what constitutes an anomaly. For example, if you choose min(), the detector focuses on finding anomalies based on the minimum values of your feature.
    </div>
  </div>
</div>
`;
